// Jest Snapshot v1, https://goo.gl/fbAQLP

exports[`using a stylis mock to lint styled-components logs multiple lint errors 1`] = `
<h1
  className="styled-componentstest__Title-s6un9az-1 jzxgKV"
/>
`;

exports[`using a stylis mock to lint styled-components passes lint 1`] = `
<h1
  className="styled-componentstest__Title-s6un9az-0 lgCYTL"
/>
`;
